
2026-06-18T03:56:22.429Z Maximum call stack size exceeded
node:internal/console/constructor:317
        if (isStackOverflowError(e))
            ^

RangeError: Maximum call stack size exceeded
    at console.value (node:internal/console/constructor:317:13)
    at console.log (node:internal/console/constructor:416:26)
    at console.log (C:\Users\dave\quantum\server.cjs:79:12)
    at dlog (C:\Users\dave\quantum\server.cjs:65:18)
    at console.log (C:\Users\dave\quantum\server.cjs:80:3)
    at dlog (C:\Users\dave\quantum\server.cjs:65:18)
    at console.log (C:\Users\dave\quantum\server.cjs:80:3)
    at dlog (C:\Users\dave\quantum\server.cjs:65:18)
    at console.log (C:\Users\dave\quantum\server.cjs:80:3)
    at dlog (C:\Users\dave\quantum\server.cjs:65:18)

2026-06-19T23:26:36.015Z EPIPE: broken pipe, write
Error: EPIPE: broken pipe, write
    at Socket._write (node:internal/net:75:18)
    at writeOrBuffer (node:internal/streams/writable:570:12)
    at _write (node:internal/streams/writable:499:10)
    at Writable.write (node:internal/streams/writable:508:10)
    at console.value (node:internal/console/constructor:313:16)
    at console.log (node:internal/console/constructor:416:26)
    at console.log (C:\Users\dave\quantum\server.cjs:81:12)
    at dlog (C:\Users\dave\quantum\agent\debug.cjs:28:18)
    at runReply (C:\Users\dave\quantum\agent\chat.cjs:97:3)
    at selfAgentStream (C:\Users\dave\quantum\agent\self_agent.cjs:126:97)

2026-06-19T23:30:05.023Z listen EADDRINUSE: address already in use 127.0.0.1:8090
Error: listen EADDRINUSE: address already in use 127.0.0.1:8090
    at Server.setupListenHandle [as _listen2] (node:net:2008:16)
    at listenInCluster (node:net:2065:12)
    at node:net:2274:7
    at process.processTicksAndRejections (node:internal/process/task_queues:90:21)

2026-06-19T23:49:56.461Z EPIPE: broken pipe, write
Error: EPIPE: broken pipe, write
    at Socket._write (node:internal/net:75:18)
    at writeOrBuffer (node:internal/streams/writable:570:12)
    at _write (node:internal/streams/writable:499:10)
    at Writable.write (node:internal/streams/writable:508:10)
    at console.value (node:internal/console/constructor:313:16)
    at console.log (node:internal/console/constructor:416:26)
    at dlog (C:\Users\dave\quantum\server.cjs:67:10)
    at Server.<anonymous> (C:\Users\dave\quantum\server.cjs:1702:82)
    at Server.emit (node:events:509:28)
    at parserOnIncoming (node:_http_server:1226:12)

2026-06-20T00:16:20.713Z EPIPE: broken pipe, write
Error: EPIPE: broken pipe, write
    at Socket._write (node:internal/net:75:18)
    at writeOrBuffer (node:internal/streams/writable:570:12)
    at _write (node:internal/streams/writable:499:10)
    at Writable.write (node:internal/streams/writable:508:10)
    at console.value (node:internal/console/constructor:313:16)
    at console.log (node:internal/console/constructor:416:26)
    at console.log (C:\Users\dave\quantum\server.cjs:81:12)
    at dlog (C:\Users\dave\quantum\agent\debug.cjs:28:18)
    at runReply (C:\Users\dave\quantum\agent\chat.cjs:97:3)
    at selfAgentStream (C:\Users\dave\quantum\agent\self_agent.cjs:126:97)

2026-06-20T00:29:10.657Z EPIPE: broken pipe, write
Error: EPIPE: broken pipe, write
    at Socket._write (node:internal/net:75:18)
    at writeOrBuffer (node:internal/streams/writable:570:12)
    at _write (node:internal/streams/writable:499:10)
    at Writable.write (node:internal/streams/writable:508:10)
    at console.value (node:internal/console/constructor:313:16)
    at console.log (node:internal/console/constructor:416:26)
    at console.log (C:\Users\dave\quantum\server.cjs:81:12)
    at dlog (C:\Users\dave\quantum\agent\debug.cjs:28:18)
    at runReply (C:\Users\dave\quantum\agent\chat.cjs:97:3)
    at selfAgentStream (C:\Users\dave\quantum\agent\self_agent.cjs:126:97)

2026-06-20T00:33:42.953Z EPIPE: broken pipe, write
Error: EPIPE: broken pipe, write
    at Socket._write (node:internal/net:75:18)
    at writeOrBuffer (node:internal/streams/writable:570:12)
    at _write (node:internal/streams/writable:499:10)
    at Writable.write (node:internal/streams/writable:508:10)
    at console.value (node:internal/console/constructor:313:16)
    at console.log (node:internal/console/constructor:416:26)
    at dlog (C:\Users\dave\quantum\server.cjs:67:10)
    at Server.<anonymous> (C:\Users\dave\quantum\server.cjs:1702:82)
    at Server.emit (node:events:509:28)
    at parserOnIncoming (node:_http_server:1226:12)

2026-06-20T00:35:07.807Z listen EADDRINUSE: address already in use 127.0.0.1:8090
Error: listen EADDRINUSE: address already in use 127.0.0.1:8090
    at Server.setupListenHandle [as _listen2] (node:net:2008:16)
    at listenInCluster (node:net:2065:12)
    at node:net:2274:7
    at process.processTicksAndRejections (node:internal/process/task_queues:90:21)

2026-06-20T00:39:40.978Z EPIPE: broken pipe, write
Error: EPIPE: broken pipe, write
    at Socket._write (node:internal/net:75:18)
    at writeOrBuffer (node:internal/streams/writable:570:12)
    at _write (node:internal/streams/writable:499:10)
    at Writable.write (node:internal/streams/writable:508:10)
    at console.value (node:internal/console/constructor:313:16)
    at console.log (node:internal/console/constructor:416:26)
    at dlog (C:\Users\dave\quantum\server.cjs:67:10)
    at Server.<anonymous> (C:\Users\dave\quantum\server.cjs:1702:82)
    at Server.emit (node:events:509:28)
    at parserOnIncoming (node:_http_server:1226:12)

2026-06-20T00:50:16.613Z EPIPE: broken pipe, write
Error: EPIPE: broken pipe, write
    at Socket._write (node:internal/net:75:18)
    at writeOrBuffer (node:internal/streams/writable:570:12)
    at _write (node:internal/streams/writable:499:10)
    at Writable.write (node:internal/streams/writable:508:10)
    at console.value (node:internal/console/constructor:313:16)
    at console.log (node:internal/console/constructor:416:26)
    at dlog (C:\Users\dave\quantum\server.cjs:67:10)
    at Server.<anonymous> (C:\Users\dave\quantum\server.cjs:1702:82)
    at Server.emit (node:events:509:28)
    at parserOnIncoming (node:_http_server:1226:12)

2026-06-20T22:01:03.179Z Cannot find module './agent/trace.cjs'
Require stack:
- C:\Users\dave\quantum\server.cjs
Error: Cannot find module './agent/trace.cjs'
Require stack:
- C:\Users\dave\quantum\server.cjs
    at Module._resolveFilename (node:internal/modules/cjs/loader:1500:15)
    at wrapResolveFilename (node:internal/modules/cjs/loader:1071:27)
    at defaultResolveImplForCJSLoading (node:internal/modules/cjs/loader:1095:10)
    at resolveForCJSWithHooks (node:internal/modules/cjs/loader:1116:12)
    at Module._load (node:internal/modules/cjs/loader:1285:25)
    at wrapModuleLoad (node:internal/modules/cjs/loader:255:19)
    at Module.require (node:internal/modules/cjs/loader:1600:12)
    at require (node:internal/modules/helpers:153:16)
    at Object.<anonymous> (C:\Users\dave\quantum\server.cjs:59:15)
    at Module._compile (node:internal/modules/cjs/loader:1854:14)

2026-06-20T22:05:27.110Z Cannot find module './agent/trace.cjs'
Require stack:
- C:\Users\dave\quantum\server.cjs
Error: Cannot find module './agent/trace.cjs'
Require stack:
- C:\Users\dave\quantum\server.cjs
    at Module._resolveFilename (node:internal/modules/cjs/loader:1500:15)
    at wrapResolveFilename (node:internal/modules/cjs/loader:1071:27)
    at defaultResolveImplForCJSLoading (node:internal/modules/cjs/loader:1095:10)
    at resolveForCJSWithHooks (node:internal/modules/cjs/loader:1116:12)
    at Module._load (node:internal/modules/cjs/loader:1285:25)
    at wrapModuleLoad (node:internal/modules/cjs/loader:255:19)
    at Module.require (node:internal/modules/cjs/loader:1600:12)
    at require (node:internal/modules/helpers:153:16)
    at Object.<anonymous> (C:\Users\dave\quantum\server.cjs:59:15)
    at Module._compile (node:internal/modules/cjs/loader:1854:14)
